// Jest Snapshot v1, https://goo.gl/fbAQLP

exports[`<WeatherTemperature /> matches snapshot with celsius scale 1`] = `
<div
  className="weatherTemperature"
>
  <span
    className="max"
  >
    20
    째
    C
  </span>
   / 
  <span
    className="min"
  >
    -2
    째
    C
  </span>
</div>
`;

exports[`<WeatherTemperature /> matches snapshot with farenheit scale 1`] = `
<div
  className="weatherTemperature"
>
  <span
    className="max"
  >
    68
    째
    F
  </span>
   / 
  <span
    className="min"
  >
    28
    째
    F
  </span>
</div>
`;
